===================================================================
5. Git-HOL Execution Log
===================================================================

Step 1: Verify Master / Main Clean State
-------------------------------------------------------------------
$ git status
On branch main
Your branch is up to date with 'origin/main'.

Step 2: List All Available Branches
-------------------------------------------------------------------
$ git branch -a
* main
  remotes/origin/main

Step 3: Pull Remote Repository
-------------------------------------------------------------------
$ git pull origin main
From https://github.com/sunilkumar0004/Cognizant
 * branch            main       -> FETCH_HEAD
Already up to date.

Step 4: Push Local Commits to Remote Repository
-------------------------------------------------------------------
$ git add GIT/
$ git commit -m "Add GIT hands-on lab exercises 1 to 5"
[main 7fb7271] Add GIT hands-on lab exercises 1 to 5
 18 files changed, 652 insertions(+)

$ git push origin main
To https://github.com/sunilkumar0004/Cognizant.git
   96d2fdb..7fb7271  main -> main

Step 5: Verify Remote Reflection & Tracking Status
-------------------------------------------------------------------
$ git status
On branch main
Your branch is up to date with 'origin/main'.
nothing added to commit but untracked files present
===================================================================
